LIBRARY libgcc_s_seh-1.dll
EXPORTS
__mulvsi3
__fixdfti
__divtc3
__ucmpti2
__ashrti3
__addvdi3
__fixsfti
__powidf2
__clrsbdi2
__ffsti2
__fixxfti
__fixtfti
_Unwind_GetIPInfo
__fixtfdi
__subvti3
__parityti2
__absvti2
_Unwind_GetCFA
__multc3
_Unwind_Resume_or_Rethrow
__enable_execute_stack
__cmpti2
_Unwind_SetIP
__floattisf
__negvti2
_Unwind_GetGR
_Unwind_Resume
__mulvdi3
__addtf3
__bswapsi2
__trunctfxf2
__extenddftf2
__popcountdi2
__subtf3
__udivti3
__eqtf2
__divxc3
__addvti3
__divmodti4
__emutls_register_common
__ctzdi2
__trunctfsf2
__floatditf
__clzdi2
_Unwind_GetLanguageSpecificData
__powitf2
__clrsbti2
__negti2
_Unwind_GetDataRelBase
__divsc3
_Unwind_FindEnclosingFunction
_Unwind_RaiseException
__floattixf
__floattitf
__floattidf
__mulxc3
__divti3
__floatuntisf
_Unwind_GetRegionStart
__getf2
__bswapdi2
__subvsi3
__mulvti3
__floatsitf
__absvsi2
__fixunstfsi
_GCC_specific_handler
__mulsc3
__umodti3
_Unwind_DeleteException
__emutls_get_address
__gttf2
__popcountti2
__clear_cache
__extendsftf2
__floatunditf
__trunctfdf2
__negvsi2
__letf2
__multi3
__negtf2
__ctzti2
__clzti2
__divdc3
__unordtf2
__udivmodti4
__powixf2
_Unwind_Backtrace
__floatunsitf
__fixunsdfti
__fixunsdfdi
_Unwind_SetGR
_Unwind_GetIP
__lttf2
__divtf3
__floatuntixf
__floatuntitf
__floatuntidf
__addvsi3
__lshrti3
__extendxftf2
__fixunssfti
__powisf2
__fixunssfdi
__subvdi3
__paritydi2
__fixunsxfti
__fixunstfti
__fixunstfdi
__fixunsxfdi
__absvdi2
__fixtfsi
__muldc3
__netf2
__modti3
__ffsdi2
__gcc_personality_seh0
_Unwind_ForcedUnwind
_Unwind_GetTextRelBase
__multf3
__negvdi2
__ashlti3
